// Jest Snapshot v1, https://goo.gl/fbAQLP

exports[`NCAAPick should render without crashing 1`] = `
<section
  className="NCAAPick"
>
  <article
    id="team-name-badge"
  >
    <img
      alt=""
      id="ncaa-team-badge"
      src="https://www.thesportsdb.com/images/media/team/badge/8f2j7k1564336246.png"
    />
    <h1>
      Michigan
       
      Wolverines
    </h1>
  </article>
</section>
`;
