// Jest Snapshot v1, https://goo.gl/fbAQLP

exports[`PickMatchUp should match the snapshot with all data passed in correctly 1`] = `
<section
  className="PickMatchUp"
>
  <h1
    id="pickMatchUp-text"
  >
    Do you like an underdog?
  </h1>
  <div
    id="pickUnderDog-buttons-container"
  >
    <input
      id="gloves"
      onClick={[Function]}
      type="submit"
      value=""
    />
    <button
      id="gloves-button"
      onClick={[Function]}
    >
      Absolutely!
    </button>
  </div>
  <div
    id="pickSafeBet-buttons-container"
  >
    <input
      id="trophy"
      onClick={[Function]}
      type="submit"
      value=""
    />
    <button
      id="trophy-button"
      onClick={[Function]}
    >
      No, I Prefer A Reliable Win
    </button>
  </div>
</section>
`;
