// Jest Snapshot v1, https://goo.gl/fbAQLP

exports[`PickMatchUp should match the snapshot with all data passed in correctly 1`] = `
<section
  className="PickMatchUp"
>
  <h1
    id="pickMatchUp-text"
  >
    Do you like an underdog?
  </h1>
  <div
    id="pickUnderDog-buttons-container"
  >
    <Link
      id="yourTeam-link"
      to="/yourTeam"
    >
      <input
        id="gloves"
        onClick={[Function]}
        type="submit"
        value=""
      />
      <button
        id="gloves-button"
        onClick={[Function]}
      >
        Absolutely!
      </button>
    </Link>
  </div>
  <div
    id="pickSafeBet-buttons-container"
  >
    <Link
      id="yourTeam-link"
      to="/yourTeam"
    >
      <input
        id="trophy"
        onClick={[Function]}
        type="submit"
        value=""
      />
      <button
        id="trophy-button"
        onClick={[Function]}
      >
        No, I Prefer A Reliable Win
      </button>
    </Link>
  </div>
</section>
`;
